<?xml version="1.0" encoding="ISO-8859-1" ?>
<link_info>
   <banner>TMS320C2000 Linker PC v22.6.0.LTS</banner>
   <copyright>Copyright (c) 1996-2018 Texas Instruments Incorporated</copyright>
   <link_time>0x6487d58f</link_time>
   <link_errors>0x0</link_errors>
   <output_file>derating_fw.out</output_file>
   <entry_point>
      <name>code_start</name>
      <address>0x80000</address>
   </entry_point>
   <input_file_list>
      <input_file id="fl-2">
         <path>.\app_common\app_debug\</path>
         <kind>object</kind>
         <file>app_debug.obj</file>
         <name>app_debug.obj</name>
      </input_file>
      <input_file id="fl-3">
         <path>.\app_common\app_timer\</path>
         <kind>object</kind>
         <file>app_timer_sys.obj</file>
         <name>app_timer_sys.obj</name>
      </input_file>
      <input_file id="fl-4">
         <path>.\app_main\</path>
         <kind>object</kind>
         <file>app_adc.obj</file>
         <name>app_adc.obj</name>
      </input_file>
      <input_file id="fl-5">
         <path>.\app_main\</path>
         <kind>object</kind>
         <file>app_config.obj</file>
         <name>app_config.obj</name>
      </input_file>
      <input_file id="fl-6">
         <path>.\app_main\</path>
         <kind>object</kind>
         <file>app_derating.obj</file>
         <name>app_derating.obj</name>
      </input_file>
      <input_file id="fl-7">
         <path>.\app_main\</path>
         <kind>object</kind>
         <file>app_pwm.obj</file>
         <name>app_pwm.obj</name>
      </input_file>
      <input_file id="fl-8">
         <path>.\app_main\</path>
         <kind>object</kind>
         <file>main.obj</file>
         <name>main.obj</name>
      </input_file>
      <input_file id="fl-9">
         <path>.\f280049c_idf\</path>
         <kind>object</kind>
         <file>device.obj</file>
         <name>device.obj</name>
      </input_file>
      <input_file id="fl-a">
         <path>.\f280049c_idf\</path>
         <kind>object</kind>
         <file>f28004x_adc.obj</file>
         <name>f28004x_adc.obj</name>
      </input_file>
      <input_file id="fl-b">
         <path>.\f280049c_idf\</path>
         <kind>object</kind>
         <file>f28004x_codestartbranch.obj</file>
         <name>f28004x_codestartbranch.obj</name>
      </input_file>
      <input_file id="fl-c">
         <path>.\f280049c_idf\</path>
         <kind>object</kind>
         <file>f28004x_cputimers.obj</file>
         <name>f28004x_cputimers.obj</name>
      </input_file>
      <input_file id="fl-d">
         <path>.\f280049c_idf\</path>
         <kind>object</kind>
         <file>f28004x_defaultisr.obj</file>
         <name>f28004x_defaultisr.obj</name>
      </input_file>
      <input_file id="fl-e">
         <path>.\f280049c_idf\</path>
         <kind>object</kind>
         <file>f28004x_globalvariabledefs.obj</file>
         <name>f28004x_globalvariabledefs.obj</name>
      </input_file>
      <input_file id="fl-f">
         <path>.\f280049c_idf\</path>
         <kind>object</kind>
         <file>f28004x_gpio.obj</file>
         <name>f28004x_gpio.obj</name>
      </input_file>
      <input_file id="fl-10">
         <path>.\f280049c_idf\</path>
         <kind>object</kind>
         <file>f28004x_piectrl.obj</file>
         <name>f28004x_piectrl.obj</name>
      </input_file>
      <input_file id="fl-11">
         <path>.\f280049c_idf\</path>
         <kind>object</kind>
         <file>f28004x_pievect.obj</file>
         <name>f28004x_pievect.obj</name>
      </input_file>
      <input_file id="fl-12">
         <path>.\f280049c_idf\</path>
         <kind>object</kind>
         <file>f28004x_sysctrl.obj</file>
         <name>f28004x_sysctrl.obj</name>
      </input_file>
      <input_file id="fl-13">
         <path>.\f280049c_idf\</path>
         <kind>object</kind>
         <file>f28004x_usdelay.obj</file>
         <name>f28004x_usdelay.obj</name>
      </input_file>
      <input_file id="fl-1a">
         <kind>object</kind>
         <file>&lt;internal&gt;</file>
         <name>&lt;internal&gt;</name>
      </input_file>
      <input_file id="fl-1e">
         <path>C:\ti\c2000\C2000Ware_4_03_00_00\driverlib\f28004x\driverlib\ccs\Debug\</path>
         <kind>archive</kind>
         <file>driverlib_coff.lib</file>
         <name>adc.obj</name>
      </input_file>
      <input_file id="fl-1f">
         <path>C:\ti\c2000\C2000Ware_4_03_00_00\driverlib\f28004x\driverlib\ccs\Debug\</path>
         <kind>archive</kind>
         <file>driverlib_coff.lib</file>
         <name>dcc.obj</name>
      </input_file>
      <input_file id="fl-20">
         <path>C:\ti\c2000\C2000Ware_4_03_00_00\driverlib\f28004x\driverlib\ccs\Debug\</path>
         <kind>archive</kind>
         <file>driverlib_coff.lib</file>
         <name>flash.obj</name>
      </input_file>
      <input_file id="fl-21">
         <path>C:\ti\c2000\C2000Ware_4_03_00_00\driverlib\f28004x\driverlib\ccs\Debug\</path>
         <kind>archive</kind>
         <file>driverlib_coff.lib</file>
         <name>gpio.obj</name>
      </input_file>
      <input_file id="fl-22">
         <path>C:\ti\c2000\C2000Ware_4_03_00_00\driverlib\f28004x\driverlib\ccs\Debug\</path>
         <kind>archive</kind>
         <file>driverlib_coff.lib</file>
         <name>interrupt.obj</name>
      </input_file>
      <input_file id="fl-23">
         <path>C:\ti\c2000\C2000Ware_4_03_00_00\driverlib\f28004x\driverlib\ccs\Debug\</path>
         <kind>archive</kind>
         <file>driverlib_coff.lib</file>
         <name>sysctl.obj</name>
      </input_file>
      <input_file id="fl-2f">
         <path>C:\ti\ccs1230\ccs\tools\compiler\ti-cgt-c2000_22.6.0.LTS\lib\</path>
         <kind>archive</kind>
         <file>rts2800_fpu32.lib</file>
         <name>boot28.asm.obj</name>
      </input_file>
      <input_file id="fl-30">
         <path>C:\ti\ccs1230\ccs\tools\compiler\ti-cgt-c2000_22.6.0.LTS\lib\</path>
         <kind>archive</kind>
         <file>rts2800_fpu32.lib</file>
         <name>fs_div28.asm.obj</name>
      </input_file>
      <input_file id="fl-31">
         <path>C:\ti\ccs1230\ccs\tools\compiler\ti-cgt-c2000_22.6.0.LTS\lib\</path>
         <kind>archive</kind>
         <file>rts2800_fpu32.lib</file>
         <name>u_div28.asm.obj</name>
      </input_file>
      <input_file id="fl-32">
         <path>C:\ti\ccs1230\ccs\tools\compiler\ti-cgt-c2000_22.6.0.LTS\lib\</path>
         <kind>archive</kind>
         <file>rts2800_fpu32.lib</file>
         <name>cpy_tbl.c.obj</name>
      </input_file>
      <input_file id="fl-33">
         <path>C:\ti\ccs1230\ccs\tools\compiler\ti-cgt-c2000_22.6.0.LTS\lib\</path>
         <kind>archive</kind>
         <file>rts2800_fpu32.lib</file>
         <name>memcpy.c.obj</name>
      </input_file>
      <input_file id="fl-34">
         <path>C:\ti\ccs1230\ccs\tools\compiler\ti-cgt-c2000_22.6.0.LTS\lib\</path>
         <kind>archive</kind>
         <file>rts2800_fpu32.lib</file>
         <name>pre_init.c.obj</name>
      </input_file>
      <input_file id="fl-35">
         <path>C:\ti\ccs1230\ccs\tools\compiler\ti-cgt-c2000_22.6.0.LTS\lib\</path>
         <kind>archive</kind>
         <file>rts2800_fpu32.lib</file>
         <name>startup.c.obj</name>
      </input_file>
      <input_file id="fl-36">
         <path>C:\ti\ccs1230\ccs\tools\compiler\ti-cgt-c2000_22.6.0.LTS\lib\</path>
         <kind>archive</kind>
         <file>rts2800_fpu32.lib</file>
         <name>exit.c.obj</name>
      </input_file>
      <input_file id="fl-37">
         <path>C:\ti\ccs1230\ccs\tools\compiler\ti-cgt-c2000_22.6.0.LTS\lib\</path>
         <kind>archive</kind>
         <file>rts2800_fpu32.lib</file>
         <name>_lock.c.obj</name>
      </input_file>
      <input_file id="fl-38">
         <path>C:\ti\ccs1230\ccs\tools\compiler\ti-cgt-c2000_22.6.0.LTS\lib\</path>
         <kind>archive</kind>
         <file>rts2800_fpu32.lib</file>
         <name>args_main.c.obj</name>
      </input_file>
   </input_file_list>
   <object_component_list>
      <object_component id="oc-8b">
         <name>codestart</name>
         <load_address>0x80000</load_address>
         <run_address>0x80000</run_address>
         <size>0x2</size>
         <input_file_ref idref="fl-b"/>
      </object_component>
      <object_component id="oc-d3">
         <name>.text:retain</name>
         <load_address>0x82000</load_address>
         <run_address>0x82000</run_address>
         <size>0x4b3</size>
         <input_file_ref idref="fl-d"/>
      </object_component>
      <object_component id="oc-1d0">
         <name>.text</name>
         <load_address>0x824b3</load_address>
         <run_address>0x824b3</run_address>
         <size>0x234</size>
         <input_file_ref idref="fl-4"/>
      </object_component>
      <object_component id="oc-1cb">
         <name>.text</name>
         <load_address>0x826e7</load_address>
         <run_address>0x826e7</run_address>
         <size>0x224</size>
         <input_file_ref idref="fl-7"/>
      </object_component>
      <object_component id="oc-1c9">
         <name>.text</name>
         <load_address>0x8290b</load_address>
         <run_address>0x8290b</run_address>
         <size>0x217</size>
         <input_file_ref idref="fl-2"/>
      </object_component>
      <object_component id="oc-1d3">
         <name>.text</name>
         <load_address>0x82b22</load_address>
         <run_address>0x82b22</run_address>
         <size>0x1ee</size>
         <input_file_ref idref="fl-f"/>
      </object_component>
      <object_component id="oc-1cc">
         <name>.text</name>
         <load_address>0x82d10</load_address>
         <run_address>0x82d10</run_address>
         <size>0x1dc</size>
         <input_file_ref idref="fl-9"/>
      </object_component>
      <object_component id="oc-1e1">
         <name>.text:_DCC_verifyClockFrequency</name>
         <load_address>0x82eec</load_address>
         <run_address>0x82eec</run_address>
         <size>0xcb</size>
         <input_file_ref idref="fl-1f"/>
      </object_component>
      <object_component id="oc-1fa">
         <name>.text:_SysCtl_selectOscSource</name>
         <load_address>0x82fb7</load_address>
         <run_address>0x82fb7</run_address>
         <size>0x49</size>
         <input_file_ref idref="fl-23"/>
      </object_component>
      <object_component id="oc-1ca">
         <name>.text</name>
         <load_address>0x83000</load_address>
         <run_address>0x83000</run_address>
         <size>0x146</size>
         <input_file_ref idref="fl-6"/>
      </object_component>
      <object_component id="oc-1de">
         <name>.text:_SysCtl_setClock</name>
         <load_address>0x83146</load_address>
         <run_address>0x83146</run_address>
         <size>0xc5</size>
         <input_file_ref idref="fl-23"/>
      </object_component>
      <object_component id="oc-1fb">
         <name>.text:_SysCtl_isPLLValid</name>
         <load_address>0x8320b</load_address>
         <run_address>0x8320b</run_address>
         <size>0xbd</size>
         <input_file_ref idref="fl-23"/>
      </object_component>
      <object_component id="oc-1c6">
         <name>.text</name>
         <load_address>0x832c8</load_address>
         <run_address>0x832c8</run_address>
         <size>0x8e</size>
         <input_file_ref idref="fl-8"/>
      </object_component>
      <object_component id="oc-191">
         <name>.text</name>
         <load_address>0x83356</load_address>
         <run_address>0x83356</run_address>
         <size>0x88</size>
         <input_file_ref idref="fl-30"/>
      </object_component>
      <object_component id="oc-1e6">
         <name>.text</name>
         <load_address>0x833de</load_address>
         <run_address>0x833de</run_address>
         <size>0x7b</size>
         <input_file_ref idref="fl-c"/>
      </object_component>
      <object_component id="oc-204">
         <name>.text:_DCC_setCounterSeeds</name>
         <load_address>0x83459</load_address>
         <run_address>0x83459</run_address>
         <size>0x73</size>
         <input_file_ref idref="fl-1f"/>
      </object_component>
      <object_component id="oc-217">
         <name>.text:_DCC_setCounterSeeds</name>
         <load_address>0x834cc</load_address>
         <run_address>0x834cc</run_address>
         <size>0x73</size>
         <input_file_ref idref="fl-23"/>
      </object_component>
      <object_component id="oc-18a">
         <name>.text</name>
         <load_address>0x8353f</load_address>
         <run_address>0x8353f</run_address>
         <size>0x56</size>
         <input_file_ref idref="fl-2f"/>
      </object_component>
      <object_component id="oc-1db">
         <name>.text:_GPIO_setPadConfig</name>
         <load_address>0x83595</load_address>
         <run_address>0x83595</run_address>
         <size>0x52</size>
         <input_file_ref idref="fl-21"/>
      </object_component>
      <object_component id="oc-1e9">
         <name>.text:_ADC_setVREF</name>
         <load_address>0x835e7</load_address>
         <run_address>0x835e7</run_address>
         <size>0x4c</size>
         <input_file_ref idref="fl-1e"/>
      </object_component>
      <object_component id="oc-1cd">
         <name>.text:_Interrupt_initModule</name>
         <load_address>0x83633</load_address>
         <run_address>0x83633</run_address>
         <size>0x3d</size>
         <input_file_ref idref="fl-22"/>
      </object_component>
      <object_component id="oc-1e0">
         <name>.text:_GPIO_setAnalogMode</name>
         <load_address>0x83670</load_address>
         <run_address>0x83670</run_address>
         <size>0x3a</size>
         <input_file_ref idref="fl-21"/>
      </object_component>
      <object_component id="oc-1dc">
         <name>.text:_GPIO_setPinConfig</name>
         <load_address>0x836aa</load_address>
         <run_address>0x836aa</run_address>
         <size>0x37</size>
         <input_file_ref idref="fl-21"/>
      </object_component>
      <object_component id="oc-1df">
         <name>.text:_GPIO_setDirectionMode</name>
         <load_address>0x836e1</load_address>
         <run_address>0x836e1</run_address>
         <size>0x31</size>
         <input_file_ref idref="fl-21"/>
      </object_component>
      <object_component id="oc-1c4">
         <name>.text</name>
         <load_address>0x83712</load_address>
         <run_address>0x83712</run_address>
         <size>0x29</size>
         <input_file_ref idref="fl-36"/>
      </object_component>
      <object_component id="oc-20c">
         <name>.text:_ADC_setOffsetTrimAll</name>
         <load_address>0x8373b</load_address>
         <run_address>0x8373b</run_address>
         <size>0x28</size>
         <input_file_ref idref="fl-1e"/>
      </object_component>
      <object_component id="oc-205">
         <name>.text:_DCC_enableSingleShotMode</name>
         <load_address>0x83763</load_address>
         <run_address>0x83763</run_address>
         <size>0x24</size>
         <input_file_ref idref="fl-1f"/>
      </object_component>
      <object_component id="oc-218">
         <name>.text:_DCC_enableSingleShotMode</name>
         <load_address>0x83787</load_address>
         <run_address>0x83787</run_address>
         <size>0x24</size>
         <input_file_ref idref="fl-23"/>
      </object_component>
      <object_component id="oc-20d">
         <name>.text:_SysCtl_selectXTAL</name>
         <load_address>0x837ab</load_address>
         <run_address>0x837ab</run_address>
         <size>0x24</size>
         <input_file_ref idref="fl-23"/>
      </object_component>
      <object_component id="oc-1c1">
         <name>.text</name>
         <load_address>0x837cf</load_address>
         <run_address>0x837cf</run_address>
         <size>0x24</size>
         <input_file_ref idref="fl-32"/>
      </object_component>
      <object_component id="oc-21c">
         <name>.text:_SysCtl_pollX1Counter</name>
         <load_address>0x837f3</load_address>
         <run_address>0x837f3</run_address>
         <size>0x23</size>
         <input_file_ref idref="fl-23"/>
      </object_component>
      <object_component id="oc-1cf">
         <name>.text</name>
         <load_address>0x83816</load_address>
         <run_address>0x83816</run_address>
         <size>0x21</size>
         <input_file_ref idref="fl-3"/>
      </object_component>
      <object_component id="oc-203">
         <name>.text:_DCC_setCounter1ClkSource</name>
         <load_address>0x83837</load_address>
         <run_address>0x83837</run_address>
         <size>0x1e</size>
         <input_file_ref idref="fl-1f"/>
      </object_component>
      <object_component id="oc-216">
         <name>.text:_DCC_setCounter1ClkSource</name>
         <load_address>0x83855</load_address>
         <run_address>0x83855</run_address>
         <size>0x1e</size>
         <input_file_ref idref="fl-23"/>
      </object_component>
      <object_component id="oc-1ce">
         <name>.text:_Interrupt_initVectorTable</name>
         <load_address>0x83873</load_address>
         <run_address>0x83873</run_address>
         <size>0x1e</size>
         <input_file_ref idref="fl-22"/>
      </object_component>
      <object_component id="oc-1c5">
         <name>.text</name>
         <load_address>0x83891</load_address>
         <run_address>0x83891</run_address>
         <size>0x1d</size>
         <input_file_ref idref="fl-33"/>
      </object_component>
      <object_component id="oc-20a">
         <name>.text:_DCC_getErrorStatus</name>
         <load_address>0x838ae</load_address>
         <run_address>0x838ae</run_address>
         <size>0x1c</size>
         <input_file_ref idref="fl-1f"/>
      </object_component>
      <object_component id="oc-209">
         <name>.text:_DCC_getSingleShotStatus</name>
         <load_address>0x838ca</load_address>
         <run_address>0x838ca</run_address>
         <size>0x1c</size>
         <input_file_ref idref="fl-1f"/>
      </object_component>
      <object_component id="oc-202">
         <name>.text:_DCC_setCounter0ClkSource</name>
         <load_address>0x838e6</load_address>
         <run_address>0x838e6</run_address>
         <size>0x1c</size>
         <input_file_ref idref="fl-1f"/>
      </object_component>
      <object_component id="oc-215">
         <name>.text:_DCC_setCounter0ClkSource</name>
         <load_address>0x83902</load_address>
         <run_address>0x83902</run_address>
         <size>0x1c</size>
         <input_file_ref idref="fl-23"/>
      </object_component>
      <object_component id="oc-20e">
         <name>.text:_SysCtl_selectXTALSingleEnded</name>
         <load_address>0x8391e</load_address>
         <run_address>0x8391e</run_address>
         <size>0x1a</size>
         <input_file_ref idref="fl-23"/>
      </object_component>
      <object_component id="oc-20b">
         <name>.text:_ADC_isBaseValid</name>
         <load_address>0x83938</load_address>
         <run_address>0x83938</run_address>
         <size>0x17</size>
         <input_file_ref idref="fl-1e"/>
      </object_component>
      <object_component id="oc-20f">
         <name>.text:_SysCtl_enablePeripheral</name>
         <load_address>0x8394f</load_address>
         <run_address>0x8394f</run_address>
         <size>0x17</size>
         <input_file_ref idref="fl-23"/>
      </object_component>
      <object_component id="oc-201">
         <name>.text:_DCC_disableDoneSignal</name>
         <load_address>0x83966</load_address>
         <run_address>0x83966</run_address>
         <size>0x16</size>
         <input_file_ref idref="fl-1f"/>
      </object_component>
      <object_component id="oc-214">
         <name>.text:_DCC_disableDoneSignal</name>
         <load_address>0x8397c</load_address>
         <run_address>0x8397c</run_address>
         <size>0x16</size>
         <input_file_ref idref="fl-23"/>
      </object_component>
      <object_component id="oc-207">
         <name>.text:_DCC_enableDoneSignal</name>
         <load_address>0x83992</load_address>
         <run_address>0x83992</run_address>
         <size>0x16</size>
         <input_file_ref idref="fl-1f"/>
      </object_component>
      <object_component id="oc-21a">
         <name>.text:_DCC_enableDoneSignal</name>
         <load_address>0x839a8</load_address>
         <run_address>0x839a8</run_address>
         <size>0x16</size>
         <input_file_ref idref="fl-23"/>
      </object_component>
      <object_component id="oc-95">
         <name>.text:retain</name>
         <load_address>0x839be</load_address>
         <run_address>0x839be</run_address>
         <size>0x16</size>
         <input_file_ref idref="fl-3"/>
      </object_component>
      <object_component id="oc-1fe">
         <name>.text:_DCC_clearDoneFlag</name>
         <load_address>0x839d4</load_address>
         <run_address>0x839d4</run_address>
         <size>0x15</size>
         <input_file_ref idref="fl-1f"/>
      </object_component>
      <object_component id="oc-211">
         <name>.text:_DCC_clearDoneFlag</name>
         <load_address>0x839e9</load_address>
         <run_address>0x839e9</run_address>
         <size>0x15</size>
         <input_file_ref idref="fl-23"/>
      </object_component>
      <object_component id="oc-1fd">
         <name>.text:_DCC_clearErrorFlag</name>
         <load_address>0x839fe</load_address>
         <run_address>0x839fe</run_address>
         <size>0x15</size>
         <input_file_ref idref="fl-1f"/>
      </object_component>
      <object_component id="oc-210">
         <name>.text:_DCC_clearErrorFlag</name>
         <load_address>0x83a13</load_address>
         <run_address>0x83a13</run_address>
         <size>0x15</size>
         <input_file_ref idref="fl-23"/>
      </object_component>
      <object_component id="oc-200">
         <name>.text:_DCC_disableErrorSignal</name>
         <load_address>0x83a28</load_address>
         <run_address>0x83a28</run_address>
         <size>0x15</size>
         <input_file_ref idref="fl-1f"/>
      </object_component>
      <object_component id="oc-213">
         <name>.text:_DCC_disableErrorSignal</name>
         <load_address>0x83a3d</load_address>
         <run_address>0x83a3d</run_address>
         <size>0x15</size>
         <input_file_ref idref="fl-23"/>
      </object_component>
      <object_component id="oc-206">
         <name>.text:_DCC_enableErrorSignal</name>
         <load_address>0x83a52</load_address>
         <run_address>0x83a52</run_address>
         <size>0x15</size>
         <input_file_ref idref="fl-1f"/>
      </object_component>
      <object_component id="oc-219">
         <name>.text:_DCC_enableErrorSignal</name>
         <load_address>0x83a67</load_address>
         <run_address>0x83a67</run_address>
         <size>0x15</size>
         <input_file_ref idref="fl-23"/>
      </object_component>
      <object_component id="oc-1ff">
         <name>.text:_DCC_disableModule</name>
         <load_address>0x83a7c</load_address>
         <run_address>0x83a7c</run_address>
         <size>0x14</size>
         <input_file_ref idref="fl-1f"/>
      </object_component>
      <object_component id="oc-212">
         <name>.text:_DCC_disableModule</name>
         <load_address>0x83a90</load_address>
         <run_address>0x83a90</run_address>
         <size>0x14</size>
         <input_file_ref idref="fl-23"/>
      </object_component>
      <object_component id="oc-208">
         <name>.text:_DCC_enableModule</name>
         <load_address>0x83aa4</load_address>
         <run_address>0x83aa4</run_address>
         <size>0x14</size>
         <input_file_ref idref="fl-1f"/>
      </object_component>
      <object_component id="oc-21b">
         <name>.text:_DCC_enableModule</name>
         <load_address>0x83ab8</load_address>
         <run_address>0x83ab8</run_address>
         <size>0x14</size>
         <input_file_ref idref="fl-23"/>
      </object_component>
      <object_component id="oc-1ee">
         <name>.text:_GPIO_isPinValid</name>
         <load_address>0x83acc</load_address>
         <run_address>0x83acc</run_address>
         <size>0x14</size>
         <input_file_ref idref="fl-21"/>
      </object_component>
      <object_component id="oc-1c3">
         <name>.text</name>
         <load_address>0x83ae0</load_address>
         <run_address>0x83ae0</run_address>
         <size>0x12</size>
         <input_file_ref idref="fl-38"/>
      </object_component>
      <object_component id="oc-1fc">
         <name>.text:_DCC_isBaseValid</name>
         <load_address>0x83af2</load_address>
         <run_address>0x83af2</run_address>
         <size>0x10</size>
         <input_file_ref idref="fl-1f"/>
      </object_component>
      <object_component id="oc-21e">
         <name>.text:_DCC_isBaseValid</name>
         <load_address>0x83b02</load_address>
         <run_address>0x83b02</run_address>
         <size>0x10</size>
         <input_file_ref idref="fl-23"/>
      </object_component>
      <object_component id="oc-1ef">
         <name>.text:_Flash_isCtrlBaseValid</name>
         <load_address>0x83b12</load_address>
         <run_address>0x83b12</run_address>
         <size>0x10</size>
         <input_file_ref idref="fl-20"/>
      </object_component>
      <object_component id="oc-1f0">
         <name>.text:_Flash_isECCBaseValid</name>
         <load_address>0x83b22</load_address>
         <run_address>0x83b22</run_address>
         <size>0x10</size>
         <input_file_ref idref="fl-20"/>
      </object_component>
      <object_component id="oc-1e3">
         <name>.text:_Interrupt_defaultHandler</name>
         <load_address>0x83b32</load_address>
         <run_address>0x83b32</run_address>
         <size>0xe</size>
         <input_file_ref idref="fl-22"/>
      </object_component>
      <object_component id="oc-1e2">
         <name>.text:_Interrupt_disableGlobal</name>
         <load_address>0x83b40</load_address>
         <run_address>0x83b40</run_address>
         <size>0xd</size>
         <input_file_ref idref="fl-22"/>
      </object_component>
      <object_component id="oc-1f9">
         <name>.text:_SysCtl_isMCDClockFailureDetected</name>
         <load_address>0x83b4d</load_address>
         <run_address>0x83b4d</run_address>
         <size>0xb</size>
         <input_file_ref idref="fl-23"/>
      </object_component>
      <object_component id="oc-196">
         <name>.text</name>
         <load_address>0x83b58</load_address>
         <run_address>0x83b58</run_address>
         <size>0xb</size>
         <input_file_ref idref="fl-31"/>
      </object_component>
      <object_component id="oc-1d1">
         <name>.text</name>
         <load_address>0x83b63</load_address>
         <run_address>0x83b63</run_address>
         <size>0x9</size>
         <input_file_ref idref="fl-37"/>
      </object_component>
      <object_component id="oc-c7">
         <name>.text</name>
         <load_address>0x83b6c</load_address>
         <run_address>0x83b6c</run_address>
         <size>0x8</size>
         <input_file_ref idref="fl-b"/>
      </object_component>
      <object_component id="oc-21d">
         <name>.text:_SysCtl_resetMCD</name>
         <load_address>0x83b74</load_address>
         <run_address>0x83b74</run_address>
         <size>0x7</size>
         <input_file_ref idref="fl-23"/>
      </object_component>
      <object_component id="oc-1e5">
         <name>.text:_Interrupt_illegalOperationHandler</name>
         <load_address>0x83b7b</load_address>
         <run_address>0x83b7b</run_address>
         <size>0x2</size>
         <input_file_ref idref="fl-22"/>
      </object_component>
      <object_component id="oc-1e4">
         <name>.text:_Interrupt_nmiHandler</name>
         <load_address>0x83b7d</load_address>
         <run_address>0x83b7d</run_address>
         <size>0x2</size>
         <input_file_ref idref="fl-22"/>
      </object_component>
      <object_component id="oc-1c0">
         <name>.text</name>
         <load_address>0x83b7f</load_address>
         <run_address>0x83b7f</run_address>
         <size>0x2</size>
         <input_file_ref idref="fl-34"/>
      </object_component>
      <object_component id="oc-1c2">
         <name>.text</name>
         <load_address>0x83b81</load_address>
         <run_address>0x83b81</run_address>
         <size>0x1</size>
         <input_file_ref idref="fl-35"/>
      </object_component>
      <object_component id="oc-1e8">
         <name>.cinit:_app_derating_adc</name>
         <load_address>0x8112c</load_address>
         <run_address>0x8112c</run_address>
         <size>0x1b</size>
         <input_file_ref idref="fl-4"/>
      </object_component>
      <object_component id="oc-1da">
         <name>.cinit:_app_derating_pwm_cfg</name>
         <load_address>0x81147</load_address>
         <run_address>0x81147</run_address>
         <size>0x1a</size>
         <input_file_ref idref="fl-7"/>
      </object_component>
      <object_component id="oc-1b0">
         <name>.cinit</name>
         <load_address>0x81161</load_address>
         <run_address>0x81161</run_address>
         <size>0xe</size>
         <input_file_ref idref="fl-36"/>
      </object_component>
      <object_component id="oc-9b">
         <name>.cinit</name>
         <load_address>0x8116f</load_address>
         <run_address>0x8116f</run_address>
         <size>0xa</size>
         <input_file_ref idref="fl-4"/>
      </object_component>
      <object_component id="oc-8d">
         <name>.cinit</name>
         <load_address>0x81179</load_address>
         <run_address>0x81179</run_address>
         <size>0xa</size>
         <input_file_ref idref="fl-2"/>
      </object_component>
      <object_component id="oc-bc">
         <name>.cinit</name>
         <load_address>0x81183</load_address>
         <run_address>0x81183</run_address>
         <size>0xa</size>
         <input_file_ref idref="fl-9"/>
      </object_component>
      <object_component id="oc-1c8">
         <name>.cinit:__lock</name>
         <load_address>0x8118d</load_address>
         <run_address>0x8118d</run_address>
         <size>0x5</size>
         <input_file_ref idref="fl-37"/>
      </object_component>
      <object_component id="oc-1d2">
         <name>.cinit:__unlock</name>
         <load_address>0x81192</load_address>
         <run_address>0x81192</run_address>
         <size>0x5</size>
         <input_file_ref idref="fl-37"/>
      </object_component>
      <object_component id="oc-a8">
         <name>.cinit</name>
         <load_address>0x81197</load_address>
         <run_address>0x81197</run_address>
         <size>0x5</size>
         <input_file_ref idref="fl-6"/>
      </object_component>
      <object_component id="oc-b4">
         <name>.cinit</name>
         <load_address>0x8119c</load_address>
         <run_address>0x8119c</run_address>
         <size>0x5</size>
         <input_file_ref idref="fl-8"/>
      </object_component>
      <object_component id="oc-1d5">
         <name>.cinit:_my_printf_buff$1</name>
         <load_address>0x811a1</load_address>
         <run_address>0x811a1</run_address>
         <size>0x4</size>
         <input_file_ref idref="fl-2"/>
      </object_component>
      <object_component id="oc-18c">
         <name>.reset</name>
         <load_address>0x3fffc0</load_address>
         <run_address>0x3fffc0</run_address>
         <size>0x2</size>
         <input_file_ref idref="fl-2f"/>
      </object_component>
      <object_component id="oc-18b">
         <name>.stack</name>
         <uninitialized>true</uninitialized>
         <run_address>0x400</run_address>
         <size>0x0</size>
         <input_file_ref idref="fl-2f"/>
      </object_component>
      <object_component id="oc-2b1">
         <name>.stack</name>
         <uninitialized>true</uninitialized>
         <run_address>0x400</run_address>
         <size>0x0</size>
      </object_component>
      <object_component id="oc-8e">
         <name>.ebss</name>
         <uninitialized>true</uninitialized>
         <run_address>0xaa30</run_address>
         <size>0x8</size>
         <input_file_ref idref="fl-2"/>
      </object_component>
      <object_component id="oc-1d4">
         <name>.ebss:_my_printf_buff$1</name>
         <uninitialized>true</uninitialized>
         <run_address>0xa800</run_address>
         <size>0x200</size>
         <input_file_ref idref="fl-2"/>
      </object_component>
      <object_component id="oc-9c">
         <name>.ebss</name>
         <uninitialized>true</uninitialized>
         <run_address>0xaa58</run_address>
         <size>0x4</size>
         <input_file_ref idref="fl-4"/>
      </object_component>
      <object_component id="oc-1ea">
         <name>.ebss:_adc_value$1</name>
         <uninitialized>true</uninitialized>
         <run_address>0xaa66</run_address>
         <size>0x2</size>
         <input_file_ref idref="fl-4"/>
      </object_component>
      <object_component id="oc-1ec">
         <name>.ebss:_adc_result$2</name>
         <uninitialized>true</uninitialized>
         <run_address>0xaa62</run_address>
         <size>0x2</size>
         <input_file_ref idref="fl-4"/>
      </object_component>
      <object_component id="oc-1eb">
         <name>.ebss:_adc_return$3</name>
         <uninitialized>true</uninitialized>
         <run_address>0xaa64</run_address>
         <size>0x2</size>
         <input_file_ref idref="fl-4"/>
      </object_component>
      <object_component id="oc-1e7">
         <name>.ebss:_app_derating_adc</name>
         <uninitialized>true</uninitialized>
         <run_address>0xaa00</run_address>
         <size>0x18</size>
         <input_file_ref idref="fl-4"/>
      </object_component>
      <object_component id="oc-a9">
         <name>.ebss</name>
         <uninitialized>true</uninitialized>
         <run_address>0xaa68</run_address>
         <size>0x2</size>
         <input_file_ref idref="fl-6"/>
      </object_component>
      <object_component id="oc-1d9">
         <name>.ebss:_app_derating_pwm_cfg</name>
         <uninitialized>true</uninitialized>
         <run_address>0xaa18</run_address>
         <size>0x18</size>
         <input_file_ref idref="fl-7"/>
      </object_component>
      <object_component id="oc-b5">
         <name>.ebss</name>
         <uninitialized>true</uninitialized>
         <run_address>0xaa6a</run_address>
         <size>0x2</size>
         <input_file_ref idref="fl-8"/>
      </object_component>
      <object_component id="oc-bd">
         <name>.ebss</name>
         <uninitialized>true</uninitialized>
         <run_address>0xaa5c</run_address>
         <size>0x4</size>
         <input_file_ref idref="fl-9"/>
      </object_component>
      <object_component id="oc-cd">
         <name>.ebss</name>
         <uninitialized>true</uninitialized>
         <run_address>0xaa40</run_address>
         <size>0x18</size>
         <input_file_ref idref="fl-c"/>
      </object_component>
      <object_component id="oc-1b1">
         <name>.ebss</name>
         <uninitialized>true</uninitialized>
         <run_address>0xaa38</run_address>
         <size>0x6</size>
         <input_file_ref idref="fl-36"/>
      </object_component>
      <object_component id="oc-1c7">
         <name>.ebss:__lock</name>
         <uninitialized>true</uninitialized>
         <run_address>0xaa3e</run_address>
         <size>0x2</size>
         <input_file_ref idref="fl-37"/>
      </object_component>
      <object_component id="oc-1ed">
         <name>.ebss:__unlock</name>
         <uninitialized>true</uninitialized>
         <run_address>0xaa60</run_address>
         <size>0x2</size>
         <input_file_ref idref="fl-37"/>
      </object_component>
      <object_component id="oc-a2">
         <name>.econst:.string</name>
         <load_address>0x84000</load_address>
         <run_address>0x84000</run_address>
         <size>0xa1</size>
         <input_file_ref idref="fl-5"/>
      </object_component>
      <object_component id="oc-172">
         <name>.econst:.string</name>
         <load_address>0x840a2</load_address>
         <run_address>0x840a2</run_address>
         <size>0x9b</size>
         <input_file_ref idref="fl-20"/>
      </object_component>
      <object_component id="oc-185">
         <name>.econst:.string</name>
         <load_address>0x8413e</load_address>
         <run_address>0x8413e</run_address>
         <size>0x9a</size>
         <input_file_ref idref="fl-23"/>
      </object_component>
      <object_component id="oc-178">
         <name>.econst:.string</name>
         <load_address>0x841d8</load_address>
         <run_address>0x841d8</run_address>
         <size>0x98</size>
         <input_file_ref idref="fl-21"/>
      </object_component>
      <object_component id="oc-16c">
         <name>.econst:.string</name>
         <load_address>0x84270</load_address>
         <run_address>0x84270</run_address>
         <size>0x97</size>
         <input_file_ref idref="fl-1f"/>
      </object_component>
      <object_component id="oc-b6">
         <name>.econst:.string</name>
         <load_address>0x84308</load_address>
         <run_address>0x84308</run_address>
         <size>0x90</size>
         <input_file_ref idref="fl-8"/>
      </object_component>
      <object_component id="oc-1d7">
         <name>.econst:_ntc_data</name>
         <load_address>0x84398</load_address>
         <run_address>0x84398</run_address>
         <size>0x79</size>
         <input_file_ref idref="fl-6"/>
      </object_component>
      <object_component id="oc-17e">
         <name>.econst:.string</name>
         <load_address>0x84412</load_address>
         <run_address>0x84412</run_address>
         <size>0x51</size>
         <input_file_ref idref="fl-22"/>
      </object_component>
      <object_component id="oc-166">
         <name>.econst:.string</name>
         <load_address>0x84464</load_address>
         <run_address>0x84464</run_address>
         <size>0x4b</size>
         <input_file_ref idref="fl-1e"/>
      </object_component>
      <object_component id="oc-1d8">
         <name>.econst:_app_pwm_clk_div_pattern</name>
         <load_address>0x844af</load_address>
         <run_address>0x844af</run_address>
         <size>0x20</size>
         <input_file_ref idref="fl-7"/>
      </object_component>
      <object_component id="oc-1d6">
         <name>.econst:_app_derating_control_info</name>
         <load_address>0x844d0</load_address>
         <run_address>0x844d0</run_address>
         <size>0x18</size>
         <input_file_ref idref="fl-6"/>
      </object_component>
      <object_component id="oc-8f">
         <name>.econst:.string</name>
         <load_address>0x844e8</load_address>
         <run_address>0x844e8</run_address>
         <size>0x7</size>
         <input_file_ref idref="fl-2"/>
      </object_component>
      <object_component id="oc-1dd">
         <name>.TI.ramfunc:_Flash_initModule</name>
         <load_address>0x81000</load_address>
         <run_address>0x8000</run_address>
         <size>0x44</size>
         <input_file_ref idref="fl-20"/>
      </object_component>
      <object_component id="oc-1f1">
         <name>.TI.ramfunc:_Flash_setBankPowerMode</name>
         <load_address>0x81044</load_address>
         <run_address>0x8044</run_address>
         <size>0x2c</size>
         <input_file_ref idref="fl-20"/>
      </object_component>
      <object_component id="oc-1f5">
         <name>.TI.ramfunc:_Flash_setWaitstates</name>
         <load_address>0x81070</load_address>
         <run_address>0x8070</run_address>
         <size>0x23</size>
         <input_file_ref idref="fl-20"/>
      </object_component>
      <object_component id="oc-1f2">
         <name>.TI.ramfunc:_Flash_setPumpPowerMode</name>
         <load_address>0x81093</load_address>
         <run_address>0x8093</run_address>
         <size>0x1d</size>
         <input_file_ref idref="fl-20"/>
      </object_component>
      <object_component id="oc-1f3">
         <name>.TI.ramfunc:_Flash_disableCache</name>
         <load_address>0x810b0</load_address>
         <run_address>0x80b0</run_address>
         <size>0x18</size>
         <input_file_ref idref="fl-20"/>
      </object_component>
      <object_component id="oc-1f4">
         <name>.TI.ramfunc:_Flash_disablePrefetch</name>
         <load_address>0x810c8</load_address>
         <run_address>0x80c8</run_address>
         <size>0x18</size>
         <input_file_ref idref="fl-20"/>
      </object_component>
      <object_component id="oc-1f6">
         <name>.TI.ramfunc:_Flash_enableCache</name>
         <load_address>0x810e0</load_address>
         <run_address>0x80e0</run_address>
         <size>0x17</size>
         <input_file_ref idref="fl-20"/>
      </object_component>
      <object_component id="oc-1f7">
         <name>.TI.ramfunc:_Flash_enablePrefetch</name>
         <load_address>0x810f7</load_address>
         <run_address>0x80f7</run_address>
         <size>0x17</size>
         <input_file_ref idref="fl-20"/>
      </object_component>
      <object_component id="oc-1f8">
         <name>.TI.ramfunc:_Flash_enableECC</name>
         <load_address>0x8110e</load_address>
         <run_address>0x810e</run_address>
         <size>0x16</size>
         <input_file_ref idref="fl-20"/>
      </object_component>
      <object_component id="oc-184">
         <name>.TI.ramfunc</name>
         <load_address>0x81124</load_address>
         <run_address>0x8124</run_address>
         <size>0x4</size>
         <input_file_ref idref="fl-23"/>
      </object_component>
      <object_component id="oc-160">
         <name>.TI.ramfunc</name>
         <load_address>0x81128</load_address>
         <run_address>0x8128</run_address>
         <size>0x4</size>
         <input_file_ref idref="fl-13"/>
      </object_component>
      <object_component id="oc-148">
         <name>PieVectTableFile</name>
         <uninitialized>true</uninitialized>
         <run_address>0xd00</run_address>
         <size>0x1c0</size>
         <input_file_ref idref="fl-e"/>
      </object_component>
      <object_component id="oc-11b">
         <name>AccessProtectionRegsFile</name>
         <uninitialized>true</uninitialized>
         <run_address>0x5f4c0</run_address>
         <size>0x2e</size>
         <input_file_ref idref="fl-e"/>
      </object_component>
      <object_component id="oc-130">
         <name>AdcaRegsFile</name>
         <uninitialized>true</uninitialized>
         <run_address>0x7400</run_address>
         <size>0x76</size>
         <input_file_ref idref="fl-e"/>
      </object_component>
      <object_component id="oc-131">
         <name>AdcbRegsFile</name>
         <uninitialized>true</uninitialized>
         <run_address>0x7480</run_address>
         <size>0x76</size>
         <input_file_ref idref="fl-e"/>
      </object_component>
      <object_component id="oc-132">
         <name>AdccRegsFile</name>
         <uninitialized>true</uninitialized>
         <run_address>0x7500</run_address>
         <size>0x76</size>
         <input_file_ref idref="fl-e"/>
      </object_component>
      <object_component id="oc-fd">
         <name>AdcaResultRegsFile</name>
         <uninitialized>true</uninitialized>
         <run_address>0xb00</run_address>
         <size>0x18</size>
         <input_file_ref idref="fl-e"/>
      </object_component>
      <object_component id="oc-fe">
         <name>AdcbResultRegsFile</name>
         <uninitialized>true</uninitialized>
         <run_address>0xb20</run_address>
         <size>0x18</size>
         <input_file_ref idref="fl-e"/>
      </object_component>
      <object_component id="oc-ff">
         <name>AdccResultRegsFile</name>
         <uninitialized>true</uninitialized>
         <run_address>0xb40</run_address>
         <size>0x18</size>
         <input_file_ref idref="fl-e"/>
      </object_component>
      <object_component id="oc-135">
         <name>AnalogSubsysRegsFile</name>
         <uninitialized>true</uninitialized>
         <run_address>0x5d700</run_address>
         <size>0x90</size>
         <input_file_ref idref="fl-e"/>
      </object_component>
      <object_component id="oc-145">
         <name>CanaRegsFile</name>
         <uninitialized>true</uninitialized>
         <run_address>0x48000</run_address>
         <size>0x164</size>
         <input_file_ref idref="fl-e"/>
      </object_component>
      <object_component id="oc-146">
         <name>CanbRegsFile</name>
         <uninitialized>true</uninitialized>
         <run_address>0x4a000</run_address>
         <size>0x164</size>
         <input_file_ref idref="fl-e"/>
      </object_component>
      <object_component id="oc-111">
         <name>ClaPromCrc0RegsFile</name>
         <uninitialized>true</uninitialized>
         <run_address>0x61c0</run_address>
         <size>0x20</size>
         <input_file_ref idref="fl-e"/>
      </object_component>
      <object_component id="oc-128">
         <name>Cla1RegsFile</name>
         <uninitialized>true</uninitialized>
         <run_address>0x1400</run_address>
         <size>0x48</size>
         <input_file_ref idref="fl-e"/>
      </object_component>
      <object_component id="oc-140">
         <name>Clb1DataExchRegsFile</name>
         <uninitialized>true</uninitialized>
         <run_address>0x3200</run_address>
         <size>0x108</size>
         <input_file_ref idref="fl-e"/>
      </object_component>
      <object_component id="oc-141">
         <name>Clb2DataExchRegsFile</name>
         <uninitialized>true</uninitialized>
         <run_address>0x3600</run_address>
         <size>0x108</size>
         <input_file_ref idref="fl-e"/>
      </object_component>
      <object_component id="oc-142">
         <name>Clb3DataExchRegsFile</name>
         <uninitialized>true</uninitialized>
         <run_address>0x3a00</run_address>
         <size>0x108</size>
         <input_file_ref idref="fl-e"/>
      </object_component>
      <object_component id="oc-143">
         <name>Clb4DataExchRegsFile</name>
         <uninitialized>true</uninitialized>
         <run_address>0x3e00</run_address>
         <size>0x108</size>
         <input_file_ref idref="fl-e"/>
      </object_component>
      <object_component id="oc-129">
         <name>Clb1LogicCfgRegsFile</name>
         <uninitialized>true</uninitialized>
         <run_address>0x3000</run_address>
         <size>0x50</size>
         <input_file_ref idref="fl-e"/>
      </object_component>
      <object_component id="oc-12a">
         <name>Clb2LogicCfgRegsFile</name>
         <uninitialized>true</uninitialized>
         <run_address>0x3400</run_address>
         <size>0x50</size>
         <input_file_ref idref="fl-e"/>
      </object_component>
      <object_component id="oc-12b">
         <name>Clb3LogicCfgRegsFile</name>
         <uninitialized>true</uninitialized>
         <run_address>0x3800</run_address>
         <size>0x50</size>
         <input_file_ref idref="fl-e"/>
      </object_component>
      <object_component id="oc-12c">
         <name>Clb4LogicCfgRegsFile</name>
         <uninitialized>true</uninitialized>
         <run_address>0x3c00</run_address>
         <size>0x50</size>
         <input_file_ref idref="fl-e"/>
      </object_component>
      <object_component id="oc-121">
         <name>Clb1LogicCtrlRegsFile</name>
         <uninitialized>true</uninitialized>
         <run_address>0x3100</run_address>
         <size>0x40</size>
         <input_file_ref idref="fl-e"/>
      </object_component>
      <object_component id="oc-122">
         <name>Clb2LogicCtrlRegsFile</name>
         <uninitialized>true</uninitialized>
         <run_address>0x3500</run_address>
         <size>0x40</size>
         <input_file_ref idref="fl-e"/>
      </object_component>
      <object_component id="oc-123">
         <name>Clb3LogicCtrlRegsFile</name>
         <uninitialized>true</uninitialized>
         <run_address>0x3900</run_address>
         <size>0x40</size>
         <input_file_ref idref="fl-e"/>
      </object_component>
      <object_component id="oc-124">
         <name>Clb4LogicCtrlRegsFile</name>
         <uninitialized>true</uninitialized>
         <run_address>0x3d00</run_address>
         <size>0x40</size>
         <input_file_ref idref="fl-e"/>
      </object_component>
      <object_component id="oc-125">
         <name>CLBXbarRegsFile</name>
         <uninitialized>true</uninitialized>
         <run_address>0x7a40</run_address>
         <size>0x40</size>
         <input_file_ref idref="fl-e"/>
      </object_component>
      <object_component id="oc-11c">
         <name>ClkCfgRegsFile</name>
         <uninitialized>true</uninitialized>
         <run_address>0x5d200</run_address>
         <size>0x34</size>
         <input_file_ref idref="fl-e"/>
      </object_component>
      <object_component id="oc-109">
         <name>Cmpss1RegsFile</name>
         <uninitialized>true</uninitialized>
         <run_address>0x5c80</run_address>
         <size>0x1b</size>
         <input_file_ref idref="fl-e"/>
      </object_component>
      <object_component id="oc-10a">
         <name>Cmpss2RegsFile</name>
         <uninitialized>true</uninitialized>
         <run_address>0x5ca0</run_address>
         <size>0x1b</size>
         <input_file_ref idref="fl-e"/>
      </object_component>
      <object_component id="oc-10b">
         <name>Cmpss3RegsFile</name>
         <uninitialized>true</uninitialized>
         <run_address>0x5cc0</run_address>
         <size>0x1b</size>
         <input_file_ref idref="fl-e"/>
      </object_component>
      <object_component id="oc-10c">
         <name>Cmpss4RegsFile</name>
         <uninitialized>true</uninitialized>
         <run_address>0x5ce0</run_address>
         <size>0x1b</size>
         <input_file_ref idref="fl-e"/>
      </object_component>
      <object_component id="oc-10d">
         <name>Cmpss5RegsFile</name>
         <uninitialized>true</uninitialized>
         <run_address>0x5d00</run_address>
         <size>0x1b</size>
         <input_file_ref idref="fl-e"/>
      </object_component>
      <object_component id="oc-10e">
         <name>Cmpss6RegsFile</name>
         <uninitialized>true</uninitialized>
         <run_address>0x5d20</run_address>
         <size>0x1b</size>
         <input_file_ref idref="fl-e"/>
      </object_component>
      <object_component id="oc-10f">
         <name>Cmpss7RegsFile</name>
         <uninitialized>true</uninitialized>
         <run_address>0x5d40</run_address>
         <size>0x1b</size>
         <input_file_ref idref="fl-e"/>
      </object_component>
      <object_component id="oc-dd">
         <name>CpuTimer0RegsFile</name>
         <uninitialized>true</uninitialized>
         <run_address>0xc00</run_address>
         <size>0x8</size>
         <input_file_ref idref="fl-e"/>
      </object_component>
      <object_component id="oc-de">
         <name>CpuTimer1RegsFile</name>
         <uninitialized>true</uninitialized>
         <run_address>0xc08</run_address>
         <size>0x8</size>
         <input_file_ref idref="fl-e"/>
      </object_component>
      <object_component id="oc-df">
         <name>CpuTimer2RegsFile</name>
         <uninitialized>true</uninitialized>
         <run_address>0xc10</run_address>
         <size>0x8</size>
         <input_file_ref idref="fl-e"/>
      </object_component>
      <object_component id="oc-134">
         <name>CpuSysRegsFile</name>
         <uninitialized>true</uninitialized>
         <run_address>0x5d300</run_address>
         <size>0x82</size>
         <input_file_ref idref="fl-e"/>
      </object_component>
      <object_component id="oc-da">
         <name>DacaRegsFile</name>
         <uninitialized>true</uninitialized>
         <run_address>0x5c00</run_address>
         <size>0x7</size>
         <input_file_ref idref="fl-e"/>
      </object_component>
      <object_component id="oc-db">
         <name>DacbRegsFile</name>
         <uninitialized>true</uninitialized>
         <run_address>0x5c10</run_address>
         <size>0x7</size>
         <input_file_ref idref="fl-e"/>
      </object_component>
      <object_component id="oc-11a">
         <name>Dcc0RegsFile</name>
         <uninitialized>true</uninitialized>
         <run_address>0x5e700</run_address>
         <size>0x2c</size>
         <input_file_ref idref="fl-e"/>
      </object_component>
      <object_component id="oc-115">
         <name>DcsmBank0Z1RegsFile</name>
         <uninitialized>true</uninitialized>
         <run_address>0x5f000</run_address>
         <size>0x22</size>
         <input_file_ref idref="fl-e"/>
      </object_component>
      <object_component id="oc-116">
         <name>DcsmBank0Z2RegsFile</name>
         <uninitialized>true</uninitialized>
         <run_address>0x5f040</run_address>
         <size>0x22</size>
         <input_file_ref idref="fl-e"/>
      </object_component>
      <object_component id="oc-112">
         <name>DcsmBank1Z1RegsFile</name>
         <uninitialized>true</uninitialized>
         <run_address>0x5f100</run_address>
         <size>0x20</size>
         <input_file_ref idref="fl-e"/>
      </object_component>
      <object_component id="oc-113">
         <name>DcsmBank1Z2RegsFile</name>
         <uninitialized>true</uninitialized>
         <run_address>0x5f140</run_address>
         <size>0x20</size>
         <input_file_ref idref="fl-e"/>
      </object_component>
      <object_component id="oc-f5">
         <name>DcsmCommonRegsFile</name>
         <uninitialized>true</uninitialized>
         <run_address>0x5f070</run_address>
         <size>0x10</size>
         <input_file_ref idref="fl-e"/>
      </object_component>
      <object_component id="oc-144">
         <name>DevCfgRegsFile</name>
         <uninitialized>true</uninitialized>
         <run_address>0x5d000</run_address>
         <size>0x132</size>
         <input_file_ref idref="fl-e"/>
      </object_component>
      <object_component id="oc-100">
         <name>DmaClaSrcSelRegsFile</name>
         <uninitialized>true</uninitialized>
         <run_address>0x7980</run_address>
         <size>0x1a</size>
         <input_file_ref idref="fl-e"/>
      </object_component>
      <object_component id="oc-136">
         <name>DmaRegsFile</name>
         <uninitialized>true</uninitialized>
         <run_address>0x1000</run_address>
         <size>0xe0</size>
         <input_file_ref idref="fl-e"/>
      </object_component>
      <object_component id="oc-101">
         <name>ECap1RegsFile</name>
         <uninitialized>true</uninitialized>
         <run_address>0x5200</run_address>
         <size>0x1a</size>
         <input_file_ref idref="fl-e"/>
      </object_component>
      <object_component id="oc-102">
         <name>ECap2RegsFile</name>
         <uninitialized>true</uninitialized>
         <run_address>0x5240</run_address>
         <size>0x1a</size>
         <input_file_ref idref="fl-e"/>
      </object_component>
      <object_component id="oc-103">
         <name>ECap3RegsFile</name>
         <uninitialized>true</uninitialized>
         <run_address>0x5280</run_address>
         <size>0x1a</size>
         <input_file_ref idref="fl-e"/>
      </object_component>
      <object_component id="oc-104">
         <name>ECap4RegsFile</name>
         <uninitialized>true</uninitialized>
         <run_address>0x52c0</run_address>
         <size>0x1a</size>
         <input_file_ref idref="fl-e"/>
      </object_component>
      <object_component id="oc-105">
         <name>ECap5RegsFile</name>
         <uninitialized>true</uninitialized>
         <run_address>0x5300</run_address>
         <size>0x1a</size>
         <input_file_ref idref="fl-e"/>
      </object_component>
      <object_component id="oc-106">
         <name>ECap6RegsFile</name>
         <uninitialized>true</uninitialized>
         <run_address>0x5340</run_address>
         <size>0x1a</size>
         <input_file_ref idref="fl-e"/>
      </object_component>
      <object_component id="oc-107">
         <name>ECap7RegsFile</name>
         <uninitialized>true</uninitialized>
         <run_address>0x5380</run_address>
         <size>0x1a</size>
         <input_file_ref idref="fl-e"/>
      </object_component>
      <object_component id="oc-138">
         <name>EPwm1RegsFile</name>
         <uninitialized>true</uninitialized>
         <run_address>0x4000</run_address>
         <size>0x100</size>
         <input_file_ref idref="fl-e"/>
      </object_component>
      <object_component id="oc-139">
         <name>EPwm2RegsFile</name>
         <uninitialized>true</uninitialized>
         <run_address>0x4100</run_address>
         <size>0x100</size>
         <input_file_ref idref="fl-e"/>
      </object_component>
      <object_component id="oc-13a">
         <name>EPwm3RegsFile</name>
         <uninitialized>true</uninitialized>
         <run_address>0x4200</run_address>
         <size>0x100</size>
         <input_file_ref idref="fl-e"/>
      </object_component>
      <object_component id="oc-13b">
         <name>EPwm4RegsFile</name>
         <uninitialized>true</uninitialized>
         <run_address>0x4300</run_address>
         <size>0x100</size>
         <input_file_ref idref="fl-e"/>
      </object_component>
      <object_component id="oc-13c">
         <name>EPwm5RegsFile</name>
         <uninitialized>true</uninitialized>
         <run_address>0x4400</run_address>
         <size>0x100</size>
         <input_file_ref idref="fl-e"/>
      </object_component>
      <object_component id="oc-13d">
         <name>EPwm6RegsFile</name>
         <uninitialized>true</uninitialized>
         <run_address>0x4500</run_address>
         <size>0x100</size>
         <input_file_ref idref="fl-e"/>
      </object_component>
      <object_component id="oc-13e">
         <name>EPwm7RegsFile</name>
         <uninitialized>true</uninitialized>
         <run_address>0x4600</run_address>
         <size>0x100</size>
         <input_file_ref idref="fl-e"/>
      </object_component>
      <object_component id="oc-13f">
         <name>EPwm8RegsFile</name>
         <uninitialized>true</uninitialized>
         <run_address>0x4700</run_address>
         <size>0x100</size>
         <input_file_ref idref="fl-e"/>
      </object_component>
      <object_component id="oc-126">
         <name>EPwmXbarRegsFile</name>
         <uninitialized>true</uninitialized>
         <run_address>0x7a00</run_address>
         <size>0x40</size>
         <input_file_ref idref="fl-e"/>
      </object_component>
      <object_component id="oc-11d">
         <name>EQep1RegsFile</name>
         <uninitialized>true</uninitialized>
         <run_address>0x5100</run_address>
         <size>0x36</size>
         <input_file_ref idref="fl-e"/>
      </object_component>
      <object_component id="oc-11e">
         <name>EQep2RegsFile</name>
         <uninitialized>true</uninitialized>
         <run_address>0x5140</run_address>
         <size>0x36</size>
         <input_file_ref idref="fl-e"/>
      </object_component>
      <object_component id="oc-e8">
         <name>EradCounter1RegsFile</name>
         <uninitialized>true</uninitialized>
         <run_address>0x5e980</run_address>
         <size>0xa</size>
         <input_file_ref idref="fl-e"/>
      </object_component>
      <object_component id="oc-e9">
         <name>EradCounter2RegsFile</name>
         <uninitialized>true</uninitialized>
         <run_address>0x5e990</run_address>
         <size>0xa</size>
         <input_file_ref idref="fl-e"/>
      </object_component>
      <object_component id="oc-ea">
         <name>EradCounter3RegsFile</name>
         <uninitialized>true</uninitialized>
         <run_address>0x5e9a0</run_address>
         <size>0xa</size>
         <input_file_ref idref="fl-e"/>
      </object_component>
      <object_component id="oc-eb">
         <name>EradCounter4RegsFile</name>
         <uninitialized>true</uninitialized>
         <run_address>0x5e9b0</run_address>
         <size>0xa</size>
         <input_file_ref idref="fl-e"/>
      </object_component>
      <object_component id="oc-f3">
         <name>EradGlobalRegsFile</name>
         <uninitialized>true</uninitialized>
         <run_address>0x5e800</run_address>
         <size>0xb</size>
         <input_file_ref idref="fl-e"/>
      </object_component>
      <object_component id="oc-e0">
         <name>EradHWBP1RegsFile</name>
         <uninitialized>true</uninitialized>
         <run_address>0x5e900</run_address>
         <size>0x8</size>
         <input_file_ref idref="fl-e"/>
      </object_component>
      <object_component id="oc-e1">
         <name>EradHWBP2RegsFile</name>
         <uninitialized>true</uninitialized>
         <run_address>0x5e908</run_address>
         <size>0x8</size>
         <input_file_ref idref="fl-e"/>
      </object_component>
      <object_component id="oc-e2">
         <name>EradHWBP3RegsFile</name>
         <uninitialized>true</uninitialized>
         <run_address>0x5e910</run_address>
         <size>0x8</size>
         <input_file_ref idref="fl-e"/>
      </object_component>
      <object_component id="oc-e3">
         <name>EradHWBP4RegsFile</name>
         <uninitialized>true</uninitialized>
         <run_address>0x5e918</run_address>
         <size>0x8</size>
         <input_file_ref idref="fl-e"/>
      </object_component>
      <object_component id="oc-e4">
         <name>EradHWBP5RegsFile</name>
         <uninitialized>true</uninitialized>
         <run_address>0x5e920</run_address>
         <size>0x8</size>
         <input_file_ref idref="fl-e"/>
      </object_component>
      <object_component id="oc-e5">
         <name>EradHWBP6RegsFile</name>
         <uninitialized>true</uninitialized>
         <run_address>0x5e928</run_address>
         <size>0x8</size>
         <input_file_ref idref="fl-e"/>
      </object_component>
      <object_component id="oc-e6">
         <name>EradHWBP7RegsFile</name>
         <uninitialized>true</uninitialized>
         <run_address>0x5e930</run_address>
         <size>0x8</size>
         <input_file_ref idref="fl-e"/>
      </object_component>
      <object_component id="oc-e7">
         <name>EradHWBP8RegsFile</name>
         <uninitialized>true</uninitialized>
         <run_address>0x5e938</run_address>
         <size>0x8</size>
         <input_file_ref idref="fl-e"/>
      </object_component>
      <object_component id="oc-147">
         <name>Flash0CtrlRegsFile</name>
         <uninitialized>true</uninitialized>
         <run_address>0x5f800</run_address>
         <size>0x182</size>
         <input_file_ref idref="fl-e"/>
      </object_component>
      <object_component id="oc-118">
         <name>Flash0EccRegsFile</name>
         <uninitialized>true</uninitialized>
         <run_address>0x5fb00</run_address>
         <size>0x28</size>
         <input_file_ref idref="fl-e"/>
      </object_component>
      <object_component id="oc-12d">
         <name>FsiRxaRegsFile</name>
         <uninitialized>true</uninitialized>
         <run_address>0x6680</run_address>
         <size>0x50</size>
         <input_file_ref idref="fl-e"/>
      </object_component>
      <object_component id="oc-12e">
         <name>FsiTxaRegsFile</name>
         <uninitialized>true</uninitialized>
         <run_address>0x6600</run_address>
         <size>0x50</size>
         <input_file_ref idref="fl-e"/>
      </object_component>
      <object_component id="oc-149">
         <name>GpioCtrlRegsFile</name>
         <uninitialized>true</uninitialized>
         <run_address>0x7c00</run_address>
         <size>0x200</size>
         <input_file_ref idref="fl-e"/>
      </object_component>
      <object_component id="oc-11f">
         <name>GpioDataRegsFile</name>
         <uninitialized>true</uninitialized>
         <run_address>0x7f00</run_address>
         <size>0x3a</size>
         <input_file_ref idref="fl-e"/>
      </object_component>
      <object_component id="oc-fb">
         <name>HRCap6RegsFile</name>
         <uninitialized>true</uninitialized>
         <run_address>0x5360</run_address>
         <size>0x16</size>
         <input_file_ref idref="fl-e"/>
      </object_component>
      <object_component id="oc-fc">
         <name>HRCap7RegsFile</name>
         <uninitialized>true</uninitialized>
         <run_address>0x53a0</run_address>
         <size>0x16</size>
         <input_file_ref idref="fl-e"/>
      </object_component>
      <object_component id="oc-117">
         <name>I2caRegsFile</name>
         <uninitialized>true</uninitialized>
         <run_address>0x7300</run_address>
         <size>0x22</size>
         <input_file_ref idref="fl-e"/>
      </object_component>
      <object_component id="oc-114">
         <name>InputXbarRegsFile</name>
         <uninitialized>true</uninitialized>
         <run_address>0x7900</run_address>
         <size>0x20</size>
         <input_file_ref idref="fl-e"/>
      </object_component>
      <object_component id="oc-137">
         <name>LinaRegsFile</name>
         <uninitialized>true</uninitialized>
         <run_address>0x6a00</run_address>
         <size>0xec</size>
         <input_file_ref idref="fl-e"/>
      </object_component>
      <object_component id="oc-120">
         <name>MemoryErrorRegsFile</name>
         <uninitialized>true</uninitialized>
         <run_address>0x5f500</run_address>
         <size>0x3a</size>
         <input_file_ref idref="fl-e"/>
      </object_component>
      <object_component id="oc-133">
         <name>MemCfgRegsFile</name>
         <uninitialized>true</uninitialized>
         <run_address>0x5f400</run_address>
         <size>0x76</size>
         <input_file_ref idref="fl-e"/>
      </object_component>
      <object_component id="oc-dc">
         <name>NmiIntruptRegsFile</name>
         <uninitialized>true</uninitialized>
         <run_address>0x7060</run_address>
         <size>0x7</size>
         <input_file_ref idref="fl-e"/>
      </object_component>
      <object_component id="oc-127">
         <name>OutputXbarRegsFile</name>
         <uninitialized>true</uninitialized>
         <run_address>0x7a80</run_address>
         <size>0x40</size>
         <input_file_ref idref="fl-e"/>
      </object_component>
      <object_component id="oc-14a">
         <name>SysPeriphAcRegsFile</name>
         <uninitialized>true</uninitialized>
         <run_address>0x5d500</run_address>
         <size>0x200</size>
         <input_file_ref idref="fl-e"/>
      </object_component>
      <object_component id="oc-ec">
         <name>Pga1RegsFile</name>
         <uninitialized>true</uninitialized>
         <run_address>0x5b00</run_address>
         <size>0xa</size>
         <input_file_ref idref="fl-e"/>
      </object_component>
      <object_component id="oc-ed">
         <name>Pga2RegsFile</name>
         <uninitialized>true</uninitialized>
         <run_address>0x5b10</run_address>
         <size>0xa</size>
         <input_file_ref idref="fl-e"/>
      </object_component>
      <object_component id="oc-ee">
         <name>Pga3RegsFile</name>
         <uninitialized>true</uninitialized>
         <run_address>0x5b20</run_address>
         <size>0xa</size>
         <input_file_ref idref="fl-e"/>
      </object_component>
      <object_component id="oc-ef">
         <name>Pga4RegsFile</name>
         <uninitialized>true</uninitialized>
         <run_address>0x5b30</run_address>
         <size>0xa</size>
         <input_file_ref idref="fl-e"/>
      </object_component>
      <object_component id="oc-f0">
         <name>Pga5RegsFile</name>
         <uninitialized>true</uninitialized>
         <run_address>0x5b40</run_address>
         <size>0xa</size>
         <input_file_ref idref="fl-e"/>
      </object_component>
      <object_component id="oc-f1">
         <name>Pga6RegsFile</name>
         <uninitialized>true</uninitialized>
         <run_address>0x5b50</run_address>
         <size>0xa</size>
         <input_file_ref idref="fl-e"/>
      </object_component>
      <object_component id="oc-f2">
         <name>Pga7RegsFile</name>
         <uninitialized>true</uninitialized>
         <run_address>0x5b60</run_address>
         <size>0xa</size>
         <input_file_ref idref="fl-e"/>
      </object_component>
      <object_component id="oc-108">
         <name>PieCtrlRegsFile</name>
         <uninitialized>true</uninitialized>
         <run_address>0xce0</run_address>
         <size>0x1a</size>
         <input_file_ref idref="fl-e"/>
      </object_component>
      <object_component id="oc-110">
         <name>PmbusaRegsFile</name>
         <uninitialized>true</uninitialized>
         <run_address>0x6400</run_address>
         <size>0x1e</size>
         <input_file_ref idref="fl-e"/>
      </object_component>
      <object_component id="oc-f6">
         <name>SciaRegsFile</name>
         <uninitialized>true</uninitialized>
         <run_address>0x7200</run_address>
         <size>0x10</size>
         <input_file_ref idref="fl-e"/>
      </object_component>
      <object_component id="oc-f7">
         <name>ScibRegsFile</name>
         <uninitialized>true</uninitialized>
         <run_address>0x7210</run_address>
         <size>0x10</size>
         <input_file_ref idref="fl-e"/>
      </object_component>
      <object_component id="oc-12f">
         <name>Sdfm1RegsFile</name>
         <uninitialized>true</uninitialized>
         <run_address>0x5e00</run_address>
         <size>0x50</size>
         <input_file_ref idref="fl-e"/>
      </object_component>
      <object_component id="oc-f8">
         <name>SpiaRegsFile</name>
         <uninitialized>true</uninitialized>
         <run_address>0x6100</run_address>
         <size>0x10</size>
         <input_file_ref idref="fl-e"/>
      </object_component>
      <object_component id="oc-f9">
         <name>SpibRegsFile</name>
         <uninitialized>true</uninitialized>
         <run_address>0x6110</run_address>
         <size>0x10</size>
         <input_file_ref idref="fl-e"/>
      </object_component>
      <object_component id="oc-d9">
         <name>SyncSocRegsFile</name>
         <uninitialized>true</uninitialized>
         <run_address>0x7940</run_address>
         <size>0x6</size>
         <input_file_ref idref="fl-e"/>
      </object_component>
      <object_component id="oc-119">
         <name>WdRegsFile</name>
         <uninitialized>true</uninitialized>
         <run_address>0x7000</run_address>
         <size>0x2b</size>
         <input_file_ref idref="fl-e"/>
      </object_component>
      <object_component id="oc-fa">
         <name>XbarRegsFile</name>
         <uninitialized>true</uninitialized>
         <run_address>0x7920</run_address>
         <size>0x10</size>
         <input_file_ref idref="fl-e"/>
      </object_component>
      <object_component id="oc-f4">
         <name>XintRegsFile</name>
         <uninitialized>true</uninitialized>
         <run_address>0x7070</run_address>
         <size>0xb</size>
         <input_file_ref idref="fl-e"/>
      </object_component>
      <object_component id="oc-8c">
         <name>.debug_info</name>
         <load_address>0x0</load_address>
         <run_address>0x0</run_address>
         <size>0x1bf6</size>
         <input_file_ref idref="fl-2"/>
      </object_component>
      <object_component id="oc-94">
         <name>.debug_info</name>
         <load_address>0x1bf6</load_address>
         <run_address>0x1bf6</run_address>
         <size>0x5f75</size>
         <input_file_ref idref="fl-3"/>
      </object_component>
      <object_component id="oc-9a">
         <name>.debug_info</name>
         <load_address>0x7b6b</load_address>
         <run_address>0x7b6b</run_address>
         <size>0x201e</size>
         <input_file_ref idref="fl-4"/>
      </object_component>
      <object_component id="oc-a1">
         <name>.debug_info</name>
         <load_address>0x9b89</load_address>
         <run_address>0x9b89</run_address>
         <size>0x35f</size>
         <input_file_ref idref="fl-5"/>
      </object_component>
      <object_component id="oc-a7">
         <name>.debug_info</name>
         <load_address>0x9ee8</load_address>
         <run_address>0x9ee8</run_address>
         <size>0xb7f</size>
         <input_file_ref idref="fl-6"/>
      </object_component>
      <object_component id="oc-ae">
         <name>.debug_info</name>
         <load_address>0xaa67</load_address>
         <run_address>0xaa67</run_address>
         <size>0x2067</size>
         <input_file_ref idref="fl-7"/>
      </object_component>
      <object_component id="oc-b3">
         <name>.debug_info</name>
         <load_address>0xcace</load_address>
         <run_address>0xcace</run_address>
         <size>0xc36</size>
         <input_file_ref idref="fl-8"/>
      </object_component>
      <object_component id="oc-bb">
         <name>.debug_info</name>
         <load_address>0xd704</load_address>
         <run_address>0xd704</run_address>
         <size>0x23db</size>
         <input_file_ref idref="fl-9"/>
      </object_component>
      <object_component id="oc-c2">
         <name>.debug_info</name>
         <load_address>0xfadf</load_address>
         <run_address>0xfadf</run_address>
         <size>0x555a</size>
         <input_file_ref idref="fl-a"/>
      </object_component>
      <object_component id="oc-c9">
         <name>.debug_info</name>
         <load_address>0x15039</load_address>
         <run_address>0x15039</run_address>
         <size>0x1d6</size>
         <input_file_ref idref="fl-b"/>
      </object_component>
      <object_component id="oc-cc">
         <name>.debug_info</name>
         <load_address>0x1520f</load_address>
         <run_address>0x1520f</run_address>
         <size>0xab1</size>
         <input_file_ref idref="fl-c"/>
      </object_component>
      <object_component id="oc-d2">
         <name>.debug_info</name>
         <load_address>0x15cc0</load_address>
         <run_address>0x15cc0</run_address>
         <size>0x6c76</size>
         <input_file_ref idref="fl-d"/>
      </object_component>
      <object_component id="oc-d8">
         <name>.debug_info</name>
         <load_address>0x1c936</load_address>
         <run_address>0x1c936</run_address>
         <size>0x55aef</size>
         <input_file_ref idref="fl-e"/>
      </object_component>
      <object_component id="oc-14c">
         <name>.debug_info</name>
         <load_address>0x72425</load_address>
         <run_address>0x72425</run_address>
         <size>0xa587</size>
         <input_file_ref idref="fl-f"/>
      </object_component>
      <object_component id="oc-151">
         <name>.debug_info</name>
         <load_address>0x7c9ac</load_address>
         <run_address>0x7c9ac</run_address>
         <size>0x34af</size>
         <input_file_ref idref="fl-10"/>
      </object_component>
      <object_component id="oc-156">
         <name>.debug_info</name>
         <load_address>0x7fe5b</load_address>
         <run_address>0x7fe5b</run_address>
         <size>0x65c8</size>
         <input_file_ref idref="fl-11"/>
      </object_component>
      <object_component id="oc-15b">
         <name>.debug_info</name>
         <load_address>0x86423</load_address>
         <run_address>0x86423</run_address>
         <size>0x7806</size>
         <input_file_ref idref="fl-12"/>
      </object_component>
      <object_component id="oc-162">
         <name>.debug_info</name>
         <load_address>0x8dc29</load_address>
         <run_address>0x8dc29</run_address>
         <size>0x15c</size>
         <input_file_ref idref="fl-13"/>
      </object_component>
      <object_component id="oc-165">
         <name>.debug_info</name>
         <load_address>0x8dd85</load_address>
         <run_address>0x8dd85</run_address>
         <size>0x96b</size>
         <input_file_ref idref="fl-1e"/>
      </object_component>
      <object_component id="oc-16b">
         <name>.debug_info</name>
         <load_address>0x8e6f0</load_address>
         <run_address>0x8e6f0</run_address>
         <size>0x1cf9</size>
         <input_file_ref idref="fl-1f"/>
      </object_component>
      <object_component id="oc-171">
         <name>.debug_info</name>
         <load_address>0x903e9</load_address>
         <run_address>0x903e9</run_address>
         <size>0x14ce</size>
         <input_file_ref idref="fl-20"/>
      </object_component>
      <object_component id="oc-177">
         <name>.debug_info</name>
         <load_address>0x918b7</load_address>
         <run_address>0x918b7</run_address>
         <size>0xd91</size>
         <input_file_ref idref="fl-21"/>
      </object_component>
      <object_component id="oc-17d">
         <name>.debug_info</name>
         <load_address>0x92648</load_address>
         <run_address>0x92648</run_address>
         <size>0x9e0</size>
         <input_file_ref idref="fl-22"/>
      </object_component>
      <object_component id="oc-183">
         <name>.debug_info</name>
         <load_address>0x93028</load_address>
         <run_address>0x93028</run_address>
         <size>0x2b1b</size>
         <input_file_ref idref="fl-23"/>
      </object_component>
      <object_component id="oc-18d">
         <name>.debug_info</name>
         <load_address>0x95b43</load_address>
         <run_address>0x95b43</run_address>
         <size>0x173</size>
         <input_file_ref idref="fl-2f"/>
      </object_component>
      <object_component id="oc-192">
         <name>.debug_info</name>
         <load_address>0x95cb6</load_address>
         <run_address>0x95cb6</run_address>
         <size>0x114</size>
         <input_file_ref idref="fl-30"/>
      </object_component>
      <object_component id="oc-197">
         <name>.debug_info</name>
         <load_address>0x95dca</load_address>
         <run_address>0x95dca</run_address>
         <size>0x141</size>
         <input_file_ref idref="fl-31"/>
      </object_component>
      <object_component id="oc-19b">
         <name>.debug_info</name>
         <load_address>0x95f0b</load_address>
         <run_address>0x95f0b</run_address>
         <size>0x561</size>
         <input_file_ref idref="fl-32"/>
      </object_component>
      <object_component id="oc-1a0">
         <name>.debug_info</name>
         <load_address>0x9646c</load_address>
         <run_address>0x9646c</run_address>
         <size>0x43a</size>
         <input_file_ref idref="fl-33"/>
      </object_component>
      <object_component id="oc-1a5">
         <name>.debug_info</name>
         <load_address>0x968a6</load_address>
         <run_address>0x968a6</run_address>
         <size>0x3ad</size>
         <input_file_ref idref="fl-34"/>
      </object_component>
      <object_component id="oc-1aa">
         <name>.debug_info</name>
         <load_address>0x96c53</load_address>
         <run_address>0x96c53</run_address>
         <size>0x3aa</size>
         <input_file_ref idref="fl-35"/>
      </object_component>
      <object_component id="oc-1af">
         <name>.debug_info</name>
         <load_address>0x96ffd</load_address>
         <run_address>0x96ffd</run_address>
         <size>0x544</size>
         <input_file_ref idref="fl-36"/>
      </object_component>
      <object_component id="oc-1b6">
         <name>.debug_info</name>
         <load_address>0x97541</load_address>
         <run_address>0x97541</run_address>
         <size>0x4cc</size>
         <input_file_ref idref="fl-37"/>
      </object_component>
      <object_component id="oc-1bb">
         <name>.debug_info</name>
         <load_address>0x97a0d</load_address>
         <run_address>0x97a0d</run_address>
         <size>0x467</size>
         <input_file_ref idref="fl-38"/>
      </object_component>
      <object_component id="oc-2b4">
         <name>.debug_info</name>
         <load_address>0x97e74</load_address>
         <run_address>0x97e74</run_address>
         <size>0x91</size>
      </object_component>
      <object_component id="oc-90">
         <name>.debug_frame</name>
[...]
         <object_component_ref idref="oc-dd"/>
      </symbol>
      <symbol id="sm-557">
         <name>_Cmpss5Regs</name>
         <value>0x5d00</value>
         <object_component_ref idref="oc-10d"/>
      </symbol>
      <symbol id="sm-558">
         <name>_AccessProtectionRegs</name>
         <value>0x5f4c0</value>
         <object_component_ref idref="oc-11b"/>
      </symbol>
      <symbol id="sm-559">
         <name>_MemCfgRegs</name>
         <value>0x5f400</value>
         <object_component_ref idref="oc-133"/>
      </symbol>
      <symbol id="sm-55a">
         <name>_HRCap7Regs</name>
         <value>0x53a0</value>
         <object_component_ref idref="oc-fc"/>
      </symbol>
      <symbol id="sm-55b">
         <name>_DacaRegs</name>
         <value>0x5c00</value>
         <object_component_ref idref="oc-da"/>
      </symbol>
      <symbol id="sm-55c">
         <name>_EPwm6Regs</name>
         <value>0x4500</value>
         <object_component_ref idref="oc-13d"/>
      </symbol>
      <symbol id="sm-55d">
         <name>_EradCounter4Regs</name>
         <value>0x5e9b0</value>
         <object_component_ref idref="oc-eb"/>
      </symbol>
      <symbol id="sm-55e">
         <name>_Pga5Regs</name>
         <value>0x5b40</value>
         <object_component_ref idref="oc-f0"/>
      </symbol>
      <symbol id="sm-55f">
         <name>_AdcaRegs</name>
         <value>0x7400</value>
         <object_component_ref idref="oc-130"/>
      </symbol>
      <symbol id="sm-560">
         <name>_SciaRegs</name>
         <value>0x7200</value>
         <object_component_ref idref="oc-f6"/>
      </symbol>
      <symbol id="sm-561">
         <name>_ECap7Regs</name>
         <value>0x5380</value>
         <object_component_ref idref="oc-107"/>
      </symbol>
      <symbol id="sm-562">
         <name>_EradHWBP4Regs</name>
         <value>0x5e918</value>
         <object_component_ref idref="oc-e3"/>
      </symbol>
      <symbol id="sm-563">
         <name>_GpioDataRegs</name>
         <value>0x7f00</value>
         <object_component_ref idref="oc-11f"/>
      </symbol>
      <symbol id="sm-564">
         <name>_Sdfm1Regs</name>
         <value>0x5e00</value>
         <object_component_ref idref="oc-12f"/>
      </symbol>
      <symbol id="sm-565">
         <name>_Cmpss2Regs</name>
         <value>0x5ca0</value>
         <object_component_ref idref="oc-10a"/>
      </symbol>
      <symbol id="sm-566">
         <name>_DcsmBank0Z2Regs</name>
         <value>0x5f040</value>
         <object_component_ref idref="oc-116"/>
      </symbol>
      <symbol id="sm-567">
         <name>_HRCap6Regs</name>
         <value>0x5360</value>
         <object_component_ref idref="oc-fb"/>
      </symbol>
      <symbol id="sm-568">
         <name>_FsiTxaRegs</name>
         <value>0x6600</value>
         <object_component_ref idref="oc-12e"/>
      </symbol>
      <symbol id="sm-569">
         <name>_Flash0CtrlRegs</name>
         <value>0x5f800</value>
         <object_component_ref idref="oc-147"/>
      </symbol>
      <symbol id="sm-56a">
         <name>_EPwm7Regs</name>
         <value>0x4600</value>
         <object_component_ref idref="oc-13e"/>
      </symbol>
      <symbol id="sm-56b">
         <name>_Clb4DataExchRegs</name>
         <value>0x3e00</value>
         <object_component_ref idref="oc-143"/>
      </symbol>
      <symbol id="sm-56c">
         <name>_Pga4Regs</name>
         <value>0x5b30</value>
         <object_component_ref idref="oc-ef"/>
      </symbol>
      <symbol id="sm-56d">
         <name>_CLBXbarRegs</name>
         <value>0x7a40</value>
         <object_component_ref idref="oc-125"/>
      </symbol>
      <symbol id="sm-56e">
         <name>_CpuTimer2Regs</name>
         <value>0xc10</value>
         <object_component_ref idref="oc-df"/>
      </symbol>
      <symbol id="sm-56f">
         <name>_Clb3LogicCfgRegs</name>
         <value>0x3800</value>
         <object_component_ref idref="oc-12b"/>
      </symbol>
      <symbol id="sm-570">
         <name>_DmaClaSrcSelRegs</name>
         <value>0x7980</value>
         <object_component_ref idref="oc-100"/>
      </symbol>
      <symbol id="sm-571">
         <name>_AnalogSubsysRegs</name>
         <value>0x5d700</value>
         <object_component_ref idref="oc-135"/>
      </symbol>
      <symbol id="sm-572">
         <name>_Cmpss3Regs</name>
         <value>0x5cc0</value>
         <object_component_ref idref="oc-10b"/>
      </symbol>
      <symbol id="sm-573">
         <name>_DcsmBank0Z1Regs</name>
         <value>0x5f000</value>
         <object_component_ref idref="oc-115"/>
      </symbol>
      <symbol id="sm-574">
         <name>_PieCtrlRegs</name>
         <value>0xce0</value>
         <object_component_ref idref="oc-108"/>
      </symbol>
      <symbol id="sm-575">
         <name>_DevCfgRegs</name>
         <value>0x5d000</value>
         <object_component_ref idref="oc-144"/>
      </symbol>
      <symbol id="sm-576">
         <name>_EradCounter2Regs</name>
         <value>0x5e990</value>
         <object_component_ref idref="oc-e9"/>
      </symbol>
      <symbol id="sm-577">
         <name>_SpibRegs</name>
         <value>0x6110</value>
         <object_component_ref idref="oc-f9"/>
      </symbol>
      <symbol id="sm-578">
         <name>_Clb1LogicCtrlRegs</name>
         <value>0x3100</value>
         <object_component_ref idref="oc-121"/>
      </symbol>
      <symbol id="sm-579">
         <name>_Pga7Regs</name>
         <value>0x5b60</value>
         <object_component_ref idref="oc-f2"/>
      </symbol>
      <symbol id="sm-57a">
         <name>_AdccRegs</name>
         <value>0x7500</value>
         <object_component_ref idref="oc-132"/>
      </symbol>
      <symbol id="sm-57b">
         <name>_ECap1Regs</name>
         <value>0x5200</value>
         <object_component_ref idref="oc-101"/>
      </symbol>
      <symbol id="sm-57c">
         <name>_OutputXbarRegs</name>
         <value>0x7a80</value>
         <object_component_ref idref="oc-127"/>
      </symbol>
      <symbol id="sm-57d">
         <name>_LinaRegs</name>
         <value>0x6a00</value>
         <object_component_ref idref="oc-137"/>
      </symbol>
      <symbol id="sm-57e">
         <name>_MemoryErrorRegs</name>
         <value>0x5f500</value>
         <object_component_ref idref="oc-120"/>
      </symbol>
      <symbol id="sm-57f">
         <name>_Cla1Regs</name>
         <value>0x1400</value>
         <object_component_ref idref="oc-128"/>
      </symbol>
      <symbol id="sm-580">
         <name>_EQep1Regs</name>
         <value>0x5100</value>
         <object_component_ref idref="oc-11d"/>
      </symbol>
      <symbol id="sm-581">
         <name>_DcsmBank1Z2Regs</name>
         <value>0x5f140</value>
         <object_component_ref idref="oc-113"/>
      </symbol>
      <symbol id="sm-582">
         <name>_DacbRegs</name>
         <value>0x5c10</value>
         <object_component_ref idref="oc-db"/>
      </symbol>
      <symbol id="sm-583">
         <name>_Clb2DataExchRegs</name>
         <value>0x3600</value>
         <object_component_ref idref="oc-141"/>
      </symbol>
      <symbol id="sm-584">
         <name>_Clb4LogicCfgRegs</name>
         <value>0x3c00</value>
         <object_component_ref idref="oc-12c"/>
      </symbol>
      <symbol id="sm-585">
         <name>_EradGlobalRegs</name>
         <value>0x5e800</value>
         <object_component_ref idref="oc-f3"/>
      </symbol>
      <symbol id="sm-586">
         <name>_EPwm1Regs</name>
         <value>0x4000</value>
         <object_component_ref idref="oc-138"/>
      </symbol>
      <symbol id="sm-587">
         <name>_EradCounter3Regs</name>
         <value>0x5e9a0</value>
         <object_component_ref idref="oc-ea"/>
      </symbol>
      <symbol id="sm-588">
         <name>_Clb3LogicCtrlRegs</name>
         <value>0x3900</value>
         <object_component_ref idref="oc-123"/>
      </symbol>
      <symbol id="sm-589">
         <name>_Pga6Regs</name>
         <value>0x5b50</value>
         <object_component_ref idref="oc-f1"/>
      </symbol>
      <symbol id="sm-58a">
         <name>_AdcbRegs</name>
         <value>0x7480</value>
         <object_component_ref idref="oc-131"/>
      </symbol>
      <symbol id="sm-58b">
         <name>_ScibRegs</name>
         <value>0x7210</value>
         <object_component_ref idref="oc-f7"/>
      </symbol>
      <symbol id="sm-58c">
         <name>_AdcaResultRegs</name>
         <value>0xb00</value>
         <object_component_ref idref="oc-fd"/>
      </symbol>
      <symbol id="sm-58d">
         <name>_ECap2Regs</name>
         <value>0x5240</value>
         <object_component_ref idref="oc-102"/>
      </symbol>
      <symbol id="sm-58e">
         <name>_EradHWBP3Regs</name>
         <value>0x5e910</value>
         <object_component_ref idref="oc-e2"/>
      </symbol>
      <symbol id="sm-58f">
         <name>_AdcbResultRegs</name>
         <value>0xb20</value>
         <object_component_ref idref="oc-fe"/>
      </symbol>
      <symbol id="sm-590">
         <name>_Clb1LogicCfgRegs</name>
         <value>0x3000</value>
         <object_component_ref idref="oc-129"/>
      </symbol>
      <symbol id="sm-591">
         <name>_AdccResultRegs</name>
         <value>0xb40</value>
         <object_component_ref idref="oc-ff"/>
      </symbol>
      <symbol id="sm-592">
         <name>_EQep2Regs</name>
         <value>0x5140</value>
         <object_component_ref idref="oc-11e"/>
      </symbol>
      <symbol id="sm-593">
         <name>_Cmpss1Regs</name>
         <value>0x5c80</value>
         <object_component_ref idref="oc-109"/>
      </symbol>
      <symbol id="sm-594">
         <name>_DcsmBank1Z1Regs</name>
         <value>0x5f100</value>
         <object_component_ref idref="oc-112"/>
      </symbol>
      <symbol id="sm-595">
         <name>_EPwm8Regs</name>
         <value>0x4700</value>
         <object_component_ref idref="oc-13f"/>
      </symbol>
      <symbol id="sm-596">
         <name>_DcsmCommonRegs</name>
         <value>0x5f070</value>
         <object_component_ref idref="oc-f5"/>
      </symbol>
      <symbol id="sm-597">
         <name>_EPwm2Regs</name>
         <value>0x4100</value>
         <object_component_ref idref="oc-139"/>
      </symbol>
      <symbol id="sm-598">
         <name>_Pga1Regs</name>
         <value>0x5b00</value>
         <object_component_ref idref="oc-ec"/>
      </symbol>
      <symbol id="sm-599">
         <name>_ECap3Regs</name>
         <value>0x5280</value>
         <object_component_ref idref="oc-103"/>
      </symbol>
      <symbol id="sm-59a">
         <name>_EradHWBP2Regs</name>
         <value>0x5e908</value>
         <object_component_ref idref="oc-e1"/>
      </symbol>
      <symbol id="sm-59b">
         <name>_ClaPromCrc0Regs</name>
         <value>0x61c0</value>
         <object_component_ref idref="oc-111"/>
      </symbol>
      <symbol id="sm-59c">
         <name>_SyncSocRegs</name>
         <value>0x7940</value>
         <object_component_ref idref="oc-d9"/>
      </symbol>
      <symbol id="sm-59d">
         <name>_NmiIntruptRegs</name>
         <value>0x7060</value>
         <object_component_ref idref="oc-dc"/>
      </symbol>
      <symbol id="sm-59e">
         <name>_FsiRxaRegs</name>
         <value>0x6680</value>
         <object_component_ref idref="oc-12d"/>
      </symbol>
      <symbol id="sm-59f">
         <name>_EPwm3Regs</name>
         <value>0x4200</value>
         <object_component_ref idref="oc-13a"/>
      </symbol>
      <symbol id="sm-5a0">
         <name>_EradCounter1Regs</name>
         <value>0x5e980</value>
         <object_component_ref idref="oc-e8"/>
      </symbol>
      <symbol id="sm-5a1">
         <name>_EradHWBP1Regs</name>
         <value>0x5e900</value>
         <object_component_ref idref="oc-e0"/>
      </symbol>
      <symbol id="sm-5a2">
         <name>_I2caRegs</name>
         <value>0x7300</value>
         <object_component_ref idref="oc-117"/>
      </symbol>
      <symbol id="sm-5c2">
         <name>_GPIO_SetupLock</name>
         <value>0x82c80</value>
         <object_component_ref idref="oc-1d3"/>
      </symbol>
      <symbol id="sm-5c4">
         <name>_GPIO_SetupXINT4Gpio</name>
         <value>0x82cc7</value>
         <object_component_ref idref="oc-1d3"/>
      </symbol>
      <symbol id="sm-5c6">
         <name>_InitGpio</name>
         <value>0x82b22</value>
         <object_component_ref idref="oc-1d3"/>
      </symbol>
      <symbol id="sm-5c8">
         <name>_GPIO_SetupXINT5Gpio</name>
         <value>0x82cd1</value>
         <object_component_ref idref="oc-1d3"/>
      </symbol>
      <symbol id="sm-5ca">
         <name>_GPIO_SetupXINT2Gpio</name>
         <value>0x82cb3</value>
         <object_component_ref idref="oc-1d3"/>
      </symbol>
      <symbol id="sm-5cc">
         <name>_GPIO_SetupXINT3Gpio</name>
         <value>0x82cbd</value>
         <object_component_ref idref="oc-1d3"/>
      </symbol>
      <symbol id="sm-5ce">
         <name>_GPIO_WritePin</name>
         <value>0x82cf2</value>
         <object_component_ref idref="oc-1d3"/>
      </symbol>
      <symbol id="sm-5d0">
         <name>_GPIO_SetupPinOptions</name>
         <value>0x82bec</value>
         <object_component_ref idref="oc-1d3"/>
      </symbol>
      <symbol id="sm-5d2">
         <name>_GPIO_SetupXINT1Gpio</name>
         <value>0x82ca9</value>
         <object_component_ref idref="oc-1d3"/>
      </symbol>
      <symbol id="sm-5d4">
         <name>_GPIO_SetupPinMux</name>
         <value>0x82b60</value>
         <object_component_ref idref="oc-1d3"/>
      </symbol>
      <symbol id="sm-5d6">
         <name>_GPIO_ReadPin</name>
         <value>0x82cdb</value>
         <object_component_ref idref="oc-1d3"/>
      </symbol>
      <symbol id="sm-5fe">
         <name>_F28x_usDelay</name>
         <value>0x8128</value>
         <object_component_ref idref="oc-160"/>
      </symbol>
      <symbol id="sm-620">
         <name>_ADC_setOffsetTrimAll</name>
         <value>0x8373b</value>
         <object_component_ref idref="oc-20c"/>
      </symbol>
      <symbol id="sm-622">
         <name>_ADC_setVREF</name>
         <value>0x835e7</value>
         <object_component_ref idref="oc-1e9"/>
      </symbol>
      <symbol id="sm-683">
         <name>_DCC_verifyClockFrequency</name>
         <value>0x82eec</value>
         <object_component_ref idref="oc-1e1"/>
      </symbol>
      <symbol id="sm-6c2">
         <name>_Flash_initModule</name>
         <value>0x8000</value>
         <object_component_ref idref="oc-1dd"/>
      </symbol>
      <symbol id="sm-6ed">
         <name>_GPIO_setAnalogMode</name>
         <value>0x83670</value>
         <object_component_ref idref="oc-1e0"/>
      </symbol>
      <symbol id="sm-6ef">
         <name>_GPIO_setPinConfig</name>
         <value>0x836aa</value>
         <object_component_ref idref="oc-1dc"/>
      </symbol>
      <symbol id="sm-6f1">
         <name>_GPIO_setDirectionMode</name>
         <value>0x836e1</value>
         <object_component_ref idref="oc-1df"/>
      </symbol>
      <symbol id="sm-6f3">
         <name>_GPIO_setPadConfig</name>
         <value>0x83595</value>
         <object_component_ref idref="oc-1db"/>
      </symbol>
      <symbol id="sm-71a">
         <name>_Interrupt_initVectorTable</name>
         <value>0x83873</value>
         <object_component_ref idref="oc-1ce"/>
      </symbol>
      <symbol id="sm-71c">
         <name>_Interrupt_initModule</name>
         <value>0x83633</value>
         <object_component_ref idref="oc-1cd"/>
      </symbol>
      <symbol id="sm-7ae">
         <name>_SysCtl_selectXTALSingleEnded</name>
         <value>0x8391e</value>
         <object_component_ref idref="oc-20e"/>
      </symbol>
      <symbol id="sm-7b0">
         <name>_SysCtl_selectXTAL</name>
         <value>0x837ab</value>
         <object_component_ref idref="oc-20d"/>
      </symbol>
      <symbol id="sm-7b2">
         <name>_SysCtl_delay</name>
         <value>0x8124</value>
         <object_component_ref idref="oc-184"/>
      </symbol>
      <symbol id="sm-7b3">
         <name>_SysCtl_selectOscSource</name>
         <value>0x82fb7</value>
         <object_component_ref idref="oc-1fa"/>
      </symbol>
      <symbol id="sm-7b5">
         <name>_SysCtl_isPLLValid</name>
         <value>0x8320b</value>
         <object_component_ref idref="oc-1fb"/>
      </symbol>
      <symbol id="sm-7b7">
         <name>_SysCtl_setClock</name>
         <value>0x83146</value>
         <object_component_ref idref="oc-1de"/>
      </symbol>
      <symbol id="sm-7d3">
         <name>_c_int00</name>
         <value>0x8353f</value>
         <object_component_ref idref="oc-18a"/>
      </symbol>
      <symbol id="sm-7d4">
         <name>__stack</name>
         <value>0x400</value>
         <object_component_ref idref="oc-18b"/>
      </symbol>
      <symbol id="sm-7e5">
         <name>FS$$DIV</name>
         <value>0x83356</value>
         <object_component_ref idref="oc-191"/>
      </symbol>
      <symbol id="sm-7f1">
         <name>U$$MOD</name>
         <value>0x83b5d</value>
         <object_component_ref idref="oc-196"/>
      </symbol>
      <symbol id="sm-7f2">
         <name>U$$DIV</name>
         <value>0x83b58</value>
         <object_component_ref idref="oc-196"/>
      </symbol>
      <symbol id="sm-801">
         <name>_copy_in</name>
         <value>0x837cf</value>
         <object_component_ref idref="oc-1c1"/>
      </symbol>
      <symbol id="sm-813">
         <name>_memcpy</name>
         <value>0x83891</value>
         <object_component_ref idref="oc-1c5"/>
      </symbol>
      <symbol id="sm-820">
         <name>__system_pre_init</name>
         <value>0x83b7f</value>
         <object_component_ref idref="oc-1c0"/>
      </symbol>
      <symbol id="sm-82e">
         <name>__system_post_cinit</name>
         <value>0x83b81</value>
         <object_component_ref idref="oc-1c2"/>
      </symbol>
      <symbol id="sm-843">
         <name>C$$EXIT</name>
         <value>0x83712</value>
         <object_component_ref idref="oc-1c4"/>
      </symbol>
      <symbol id="sm-844">
         <name>_exit</name>
         <value>0x83714</value>
         <object_component_ref idref="oc-1c4"/>
      </symbol>
      <symbol id="sm-846">
         <name>___TI_cleanup_ptr</name>
         <value>0xaa3a</value>
         <object_component_ref idref="oc-1b1"/>
      </symbol>
      <symbol id="sm-847">
         <name>___TI_enable_exit_profile_output</name>
         <value>0xaa38</value>
         <object_component_ref idref="oc-1b1"/>
      </symbol>
      <symbol id="sm-848">
         <name>_abort</name>
         <value>0x83712</value>
         <object_component_ref idref="oc-1c4"/>
      </symbol>
      <symbol id="sm-84a">
         <name>___TI_dtors_ptr</name>
         <value>0xaa3c</value>
         <object_component_ref idref="oc-1b1"/>
      </symbol>
      <symbol id="sm-85e">
         <name>__unlock</name>
         <value>0xaa60</value>
         <object_component_ref idref="oc-1ed"/>
      </symbol>
      <symbol id="sm-85f">
         <name>__lock</name>
         <value>0xaa3e</value>
         <object_component_ref idref="oc-1c7"/>
      </symbol>
      <symbol id="sm-860">
         <name>__register_lock</name>
         <value>0x83b67</value>
         <object_component_ref idref="oc-1d1"/>
      </symbol>
      <symbol id="sm-862">
         <name>__nop</name>
         <value>0x83b6b</value>
         <object_component_ref idref="oc-1d1"/>
      </symbol>
      <symbol id="sm-864">
         <name>__register_unlock</name>
         <value>0x83b63</value>
         <object_component_ref idref="oc-1d1"/>
      </symbol>
      <symbol id="sm-874">
         <name>__args_main</name>
         <value>0x83ae0</value>
         <object_component_ref idref="oc-1c3"/>
      </symbol>
   </symbol_table>
   <title>Link successful</title>
</link_info>
